Microchip MPLAB XC8 Compiler V1.33 ()

Linker command line:

--edf=/Applications/microchip/xc8/v1.33/dat/en_msgs.txt -cs \
  -h+dist/default/production/Arkeon.X.production.sym \
  --cmf=dist/default/production/Arkeon.X.production.cmf -z -Q18F25K22 \
  -o/tmp/cgt0kHetx -Mdist/default/production/Arkeon.X.production.map -E1 \
  -ver=XC8 -ASTACK=0150h-05ffh -pstack=STACK -ACODE=00h-07FFFh \
  -ACONST=00h-07FFFh -ASMALLCONST=0600h-06FFhx122 \
  -AMEDIUMCONST=0600h-07FFFh -ACOMRAM=01h-05Fh -AABS1=00h-05FFh \
  -ABIGRAM=01h-05FFh -ARAM=060h-0FFh,0100h-01FFhx5 -ABANK0=060h-0FFh \
  -ABANK1=0100h-01FFh -ABANK2=0200h-02FFh -ABANK3=0300h-03FFh \
  -ABANK4=0400h-04FFh -ABANK5=0500h-05FFh -ASFR=0F38h-0F5Fh,0F60h-0FFFh \
  -preset_vec=00h,intcode=08h,intcodelo=018h,powerup,init,end_init \
  -pramtop=0600h -psmallconst=SMALLCONST -pmediumconst=MEDIUMCONST \
  -pconst=CONST -AFARRAM=00h-00h -ACONFIG=0300000h-030000Dh -pconfig=CONFIG \
  -AIDLOC=0200000h-0200007h -pidloc=IDLOC -AEEDATA=0F00000h-0F000FFh \
  -peeprom_data=EEDATA \
  -prdata=COMRAM,nvrram=COMRAM,nvbit=COMRAM,rbss=COMRAM,rbit=COMRAM \
  -pfarbss=FARRAM,fardata=FARRAM,nvFARRAM=FARRAM \
  -pintsave_regs=BIGRAM,bigbss=BIGRAM,bigdata=BIGRAM -pbss=RAM \
  -pidata=CODE,irdata=CODE,ibigdata=CODE,ifardata=CODE /tmp/cgtQX0zqJ.obj \
  dist/default/production/Arkeon.X.production.obj 

Object code version is 3.11

Machine type is 18F25K22

Call graph: (short form)




                Name                               Link     Load   Length Selector   Space Scale
/tmp/cgtQX0zqJ.obj
                end_init                             C6       C6        4        C       0
                reset_vec                             0        0        4        0       0
                idloc                            200000   200000        8   200000       0
                config                           300000   300000        E   300000       0
dist/default/production/Arkeon.X.production.obj
                intcodelo                            18       18       AE        C       0
                intcode                               8        8       10        4       0
                smallconst                          600      600       14      300       0
                text20                              DBC      DBC        8      6CC       0
                text19                              CC2      CC2       26      30A       0
                text18                              D50      D50       1E      30A       0
                text17                              614      614      21E      30A       0
                text16                              D30      D30       20      30A       0
                intcode_body                        832      832      1BC      30A       0
                text13                              DA6      DA6        E      6CC       0
                text12                              C9C      C9C       26      30A       0
                text11                              D6E      D6E       18      30A       0
                text10                              D0C      D0C       24      30A       0
                text9                               CE8      CE8       24      30A       0
                text8                               DB4      DB4        8      6CC       0
                text7                               C64      C64       38      30A       0
                text6                               AB2      AB2       54      30A       0
                text5                               BE6      BE6       42      30A       0
                text4                               D98      D98        E      6CC       0
                text3                               BA2      BA2       44      30A       0
                text2                               B56      B56       4C      30A       0
                text1                               C28      C28       3C      30A       0
                text0                               9EE      9EE       C4      30A       0
                cstackCOMRAM                          1        1       2E        1       1
                cstackBANK0                          9C       9C       1B       60       1
                bssBANK1                            100      100       50      100       1
                bssBANK0                             60       60       3C       60       1
                dataCOMRAM                           4A       4A       11        1       1
                bssCOMRAM                            2F       2F       1B        1       1
                bitbssCOMRAM                        2D8       5B        4        1       1     8
                cinit                               B06      B06       50      30A       0
                idataCOMRAM                         D86      D86       11      30A       0

TOTAL           Name                               Link     Load   Length     Space
        CLASS   STACK          

        CLASS   CODE           
                end_init                             C6       C6        4         0
                intcodelo                            18       18       AE         0
                intcode                               8        8       10         0
                reset_vec                             0        0        4         0
                text20                              DBC      DBC        8         0
                text19                              CC2      CC2       26         0
                text18                              D50      D50       1E         0
                text17                              614      614      21E         0
                text16                              D30      D30       20         0
                intcode_body                        832      832      1BC         0
                text13                              DA6      DA6        E         0
                text12                              C9C      C9C       26         0
                text11                              D6E      D6E       18         0
                text10                              D0C      D0C       24         0
                text9                               CE8      CE8       24         0
                text8                               DB4      DB4        8         0
                text7                               C64      C64       38         0
                text6                               AB2      AB2       54         0
                text5                               BE6      BE6       42         0
                text4                               D98      D98        E         0
                text3                               BA2      BA2       44         0
                text2                               B56      B56       4C         0
                text1                               C28      C28       3C         0
                text0                               9EE      9EE       C4         0
                cinit                               B06      B06       50         0
                idataCOMRAM                         D86      D86       11         0

        CLASS   CONST          

        CLASS   SMALLCONST     
                smallconst                          600      600       14         0

        CLASS   MEDIUMCONST    

        CLASS   COMRAM         
                cstackCOMRAM                          1        1       2E         1
                dataCOMRAM                           4A       4A       11         1
                bssCOMRAM                            2F       2F       1B         1
                bitbssCOMRAM                        2D8       5B        4         1

        CLASS   ABS1           

        CLASS   BIGRAM         

        CLASS   RAM            

        CLASS   BANK0          
                cstackBANK0                          9C       9C       1B         1
                bssBANK0                             60       60       3C         1

        CLASS   BANK1          
                bssBANK1                            100      100       50         1

        CLASS   BANK2          

        CLASS   BANK3          

        CLASS   BANK4          

        CLASS   BANK5          

        CLASS   SFR            

        CLASS   FARRAM         

        CLASS   CONFIG         
                config                           300000   300000        E         0

        CLASS   IDLOC          
                idloc                            200000   200000        8         0

        CLASS   EEDATA         



SEGMENTS        Name                           Load    Length   Top    Selector   Space  Class

                reset_vec                      000000  000004  000004         0       0  CODE    
                cstackCOMRAM                   000001  00005B  00005C         1       1  COMRAM  
                intcode                        000008  000010  000018         4       0  CODE    
                intcodelo                      000018  0000B2  0000CA         C       0  CODE    
                bssBANK0                       000060  000057  0000B7        60       1  BANK0   
                bssBANK1                       000100  000050  000150       100       1  BANK1   
                smallconst                     000600  000014  000614       300       0  SMALLCON
                text17                         000614  000783  000D97       30A       0  CODE    
                text4                          000D98  00002C  000DC4       6CC       0  CODE    
                idloc                          200000  000008  200008    200000       0  IDLOC   
                config                         300000  00000E  30000E    300000       0  CONFIG  


UNUSED ADDRESS RANGES

        Name                Unused          Largest block    Delta
        BANK0            0000B7-0000FF               49
        BANK1            000150-0001FF               B0
        BANK2            000200-0002FF              100
        BANK3            000300-0003FF              100
        BANK4            000400-0004FF              100
        BANK5            000500-0005FF              100
        BIGRAM           00005C-00005F                4
                         0000B7-0000FF               49
                         000150-0005FF              4B0
        CODE             000004-000007                4
                         0000CA-0005FF              536
                         000D97-000D97                1
                         000DC4-007FFF             723C
        COMRAM           00005C-00005F                4
        CONST            000004-000007                4
                         0000CA-0005FF              536
                         000D97-000D97                1
                         000DC4-007FFF             723C
        EEDATA           F00000-F000FF              100
        MEDIUMCONST      000D97-000D97                1
                         000DC4-007FFF             723C
        RAM              0000B7-0000FF               49
                         000150-0005FF              100
        SFR              000F38-000FFF               28
        SMALLCONST       000D97-000D97                1
                         000DC4-007FFF              100
        STACK            000150-0005FF              4B0

                                  Symbol Table

MUXchannel@channel                     cstackBANK0  0000AE
UART1_Write_Char@data                  cstackBANK0  0000AE
UART2_Write_Char@data                  cstackBANK0  0000AE
UART2_Write_Line@s                     cstackBANK0  0000B1
UART2_Write_String@s                   cstackBANK0  0000AF
_ANSELA                                (abs)        000F38
_ANSELC                                (abs)        000F3A
_BAUDCON1bits                          (abs)        000FB8
_BAUDCON2bits                          (abs)        000F70
_INTCONbits                            (abs)        000FF2
_LATAbits                              (abs)        000F89
_LATCbits                              (abs)        000F8B
_MUXchannel                            text5        000BE6
_OSCCON                                (abs)        000FD3
_OSCTUNEbits                           (abs)        000F9B
_PIE1bits                              (abs)        000F9D
_PIE3bits                              (abs)        000FA3
_PIR1bits                              (abs)        000F9E
_PIR3bits                              (abs)        000FA4
_PORTA                                 (abs)        000F80
_PORTB                                 (abs)        000F81
_PORTC                                 (abs)        000F82
_RCONbits                              (abs)        000FD0
_RCREG1                                (abs)        000FAE
_RCREG2                                (abs)        000F74
_RCSTA1bits                            (abs)        000FAB
_RCSTA2bits                            (abs)        000F71
_SPBRG1                                (abs)        000FAF
_SPBRG2                                (abs)        000F75
_SPBRGH1                               (abs)        000FB0
_SPBRGH2                               (abs)        000F76
_TRISAbits                             (abs)        000F92
_TRISBbits                             (abs)        000F93
_TRISCbits                             (abs)        000F94
_TXREG1                                (abs)        000FAD
_TXREG2                                (abs)        000F73
_TXSTA1bits                            (abs)        000FAC
_TXSTA2bits                            (abs)        000F72
_UART1_Read                            text20       000DBC
_UART1_Write_Char                      text4        000D98
_UART2_Write_Char                      text13       000DA6
_UART2_Write_Line                      text11       000D6E
_UART2_Write_String                    text12       000C9C
_USART1_init                           text10       000D0C
_USART2_init                           text9        000CE8
__CFG_BOREN$SBORDIS                    (abs)        000000
__CFG_BORV$190                         (abs)        000000
__CFG_CCP2MX$PORTC1                    (abs)        000000
__CFG_CCP3MX$PORTB5                    (abs)        000000
__CFG_CP0$OFF                          (abs)        000000
__CFG_CP1$OFF                          (abs)        000000
__CFG_CP2$OFF                          (abs)        000000
__CFG_CP3$OFF                          (abs)        000000
__CFG_CPB$OFF                          (abs)        000000
__CFG_CPD$OFF                          (abs)        000000
__CFG_EBTR0$OFF                        (abs)        000000
__CFG_EBTR1$OFF                        (abs)        000000
__CFG_EBTR2$OFF                        (abs)        000000
__CFG_EBTR3$OFF                        (abs)        000000
__CFG_EBTRB$OFF                        (abs)        000000
__CFG_FCMEN$OFF                        (abs)        000000
__CFG_FOSC$INTIO67                     (abs)        000000
__CFG_HFOFST$ON                        (abs)        000000
__CFG_IESO$OFF                         (abs)        000000
__CFG_LVP$OFF                          (abs)        000000
__CFG_MCLRE$EXTMCLR                    (abs)        000000
__CFG_P2BMX$PORTB5                     (abs)        000000
__CFG_PBADEN$ON                        (abs)        000000
__CFG_PLLCFG$ON                        (abs)        000000
__CFG_PRICLKEN$ON                      (abs)        000000
__CFG_PWRTEN$OFF                       (abs)        000000
__CFG_STVREN$ON                        (abs)        000000
__CFG_T3CMX$PORTC0                     (abs)        000000
__CFG_WDTEN$OFF                        (abs)        000000
__CFG_WDTPS$32768                      (abs)        000000
__CFG_WRT0$OFF                         (abs)        000000
__CFG_WRT1$OFF                         (abs)        000000
__CFG_WRT2$OFF                         (abs)        000000
__CFG_WRT3$OFF                         (abs)        000000
__CFG_WRTB$OFF                         (abs)        000000
__CFG_WRTC$OFF                         (abs)        000000
__CFG_WRTD$OFF                         (abs)        000000
__CFG_XINST$OFF                        (abs)        000000
__HRAM                                 (abs)        000000
__Habs1                                abs1         000000
__Hbank0                               bank0        000000
__Hbank1                               bank1        000000
__Hbank2                               bank2        000000
__Hbank3                               bank3        000000
__Hbank4                               bank4        000000
__Hbank5                               bank5        000000
__Hbigbss                              bigbss       000000
__Hbigdata                             bigdata      000000
__Hbigram                              bigram       000000
__HbitbssCOMRAM                        bitbssCOMRAM 000000
__Hbss                                 bss          000000
__HbssBANK0                            bssBANK0     000000
__HbssBANK1                            bssBANK1     000000
__HbssCOMRAM                           bssCOMRAM    000000
__Hcinit                               cinit        000000
__Hclrtext                             clrtext      000000
__Hcomram                              comram       000000
__Hconfig                              config       30000E
__Hconst                               const        000000
__HcstackBANK0                         cstackBANK0  000000
__HcstackCOMRAM                        cstackCOMRAM 000000
__Hdata                                data         000000
__HdataCOMRAM                          dataCOMRAM   000000
__Heeprom_data                         eeprom_data  000000
__Hend_init                            end_init     0000CA
__Hfarbss                              farbss       000000
__Hfardata                             fardata      000000
__Hibigdata                            ibigdata     000000
__Hidata                               idata        000000
__HidataCOMRAM                         idataCOMRAM  000000
__Hidloc                               idloc        200008
__Hifardata                            ifardata     000000
__Hinit                                init         0000C6
__Hintcode                             intcode      000018
__Hintcode_body                        intcode_body 000000
__Hintcodelo                           intcodelo    0000C6
__Hintentry                            intentry     000000
__Hintret                              intret       000000
__Hintsave_regs                        intsave_regs 000000
__Hirdata                              irdata       000000
__Hmediumconst                         mediumconst  000000
__HnvFARRAM                            nvFARRAM     000000
__Hnvbit                               nvbit        000000
__Hnvrram                              nvrram       000000
__Hparam                               rparam       000000
__Hpowerup                             powerup      0000C6
__Hram                                 ram          000000
__Hramtop                              ramtop       000600
__Hrbit                                rbit         000000
__Hrbss                                rbss         000000
__Hrdata                               rdata        000000
__Hreset_vec                           reset_vec    000004
__Hrparam                              rparam       000000
__Hsfr                                 sfr          000000
__Hsmallconst                          smallconst   000614
__Hspace_0                             (abs)        30000E
__Hspace_1                             (abs)        0002DC
__Hspace_2                             (abs)        000000
__Hstack                               stack        000000
__Hstruct                              struct       000000
__Htemp                                temp         000000
__Htext                                text         000000
__Htext0                               text0        000000
__Htext1                               text1        000000
__Htext10                              text10       000000
__Htext11                              text11       000000
__Htext12                              text12       000000
__Htext13                              text13       000000
__Htext16                              text16       000000
__Htext17                              text17       000000
__Htext18                              text18       000000
__Htext19                              text19       000000
__Htext2                               text2        000000
__Htext20                              text20       000000
__Htext3                               text3        000000
__Htext4                               text4        000000
__Htext5                               text5        000000
__Htext6                               text6        000000
__Htext7                               text7        000000
__Htext8                               text8        000000
__Htext9                               text9        000000
__LRAM                                 (abs)        000001
__Labs1                                abs1         000000
__Lbank0                               bank0        000000
__Lbank1                               bank1        000000
__Lbank2                               bank2        000000
__Lbank3                               bank3        000000
__Lbank4                               bank4        000000
__Lbank5                               bank5        000000
__Lbigbss                              bigbss       000000
__Lbigdata                             bigdata      000000
__Lbigram                              bigram       000000
__LbitbssCOMRAM                        bitbssCOMRAM 000000
__Lbss                                 bss          000000
__LbssBANK0                            bssBANK0     000000
__LbssBANK1                            bssBANK1     000000
__LbssCOMRAM                           bssCOMRAM    000000
__Lcinit                               cinit        000000
__Lclrtext                             clrtext      000000
__Lcomram                              comram       000000
__Lconfig                              config       300000
__Lconst                               const        000000
__LcstackBANK0                         cstackBANK0  000000
__LcstackCOMRAM                        cstackCOMRAM 000000
__Ldata                                data         000000
__LdataCOMRAM                          dataCOMRAM   000000
__Leeprom_data                         eeprom_data  000000
__Lend_init                            end_init     0000C6
__Lfarbss                              farbss       000000
__Lfardata                             fardata      000000
__Libigdata                            ibigdata     000000
__Lidata                               idata        000000
__LidataCOMRAM                         idataCOMRAM  000000
__Lidloc                               idloc        200000
__Lifardata                            ifardata     000000
__Linit                                init         0000C6
__Lintcode                             intcode      000008
__Lintcode_body                        intcode_body 000000
__Lintcodelo                           intcodelo    000018
__Lintentry                            intentry     000000
__Lintret                              intret       000000
__Lintsave_regs                        intsave_regs 000000
__Lirdata                              irdata       000000
__Lmediumconst                         mediumconst  000000
__LnvFARRAM                            nvFARRAM     000000
__Lnvbit                               nvbit        000000
__Lnvrram                              nvrram       000000
__Lparam                               rparam       000000
__Lpowerup                             powerup      0000C6
__Lram                                 ram          000000
__Lramtop                              ramtop       000600
__Lrbit                                rbit         000000
__Lrbss                                rbss         000000
__Lrdata                               rdata        000000
__Lreset_vec                           reset_vec    000000
__Lrparam                              rparam       000000
__Lsfr                                 sfr          000000
__Lsmallconst                          smallconst   000600
__Lspace_0                             (abs)        000000
__Lspace_1                             (abs)        000000
__Lspace_2                             (abs)        000000
__Lstack                               stack        000000
__Lstruct                              struct       000000
__Ltemp                                temp         000000
__Ltext                                text         000000
__Ltext0                               text0        000000
__Ltext1                               text1        000000
__Ltext10                              text10       000000
__Ltext11                              text11       000000
__Ltext12                              text12       000000
__Ltext13                              text13       000000
__Ltext16                              text16       000000
__Ltext17                              text17       000000
__Ltext18                              text18       000000
__Ltext19                              text19       000000
__Ltext2                               text2        000000
__Ltext20                              text20       000000
__Ltext3                               text3        000000
__Ltext4                               text4        000000
__Ltext5                               text5        000000
__Ltext6                               text6        000000
__Ltext7                               text7        000000
__Ltext8                               text8        000000
__Ltext9                               text9        000000
__S0                                   (abs)        30000E
__S1                                   (abs)        000150
__S2                                   (abs)        000000
___inthi_sp                            stack        000000
___intlo_sp                            stack        000000
___sp                                  stack        000000
__accesstop                            (abs)        000060
__activetblptr                         (abs)        000002
__end_of_MUXchannel                    text5        000C28
__end_of_UART1_Read                    text20       000DC4
__end_of_UART1_Write_Char              text4        000DA6
__end_of_UART2_Write_Char              text13       000DB4
__end_of_UART2_Write_Line              text11       000D86
__end_of_UART2_Write_String            text12       000CC2
__end_of_USART1_init                   text10       000D30
__end_of_USART2_init                   text9        000D0C
__end_of__initialization               cinit        000B4C
__end_of__stringdata                   smallconst   000612
__end_of_add_sensors_data              text17       000832
__end_of_bt_handler                    intcodelo    0000C6
__end_of_convert_char_hex              text18       000D6E
__end_of_hexlookup                     text19       000CE8
__end_of_interrupt_init                text8        000DBC
__end_of_intialize                     text6        000B06
__end_of_isdigit                       text16       000D50
__end_of_main                          text0        000AB2
__end_of_mux_handler                   intcode_body 0009EE
__end_of_send_sensor_cmd               text3        000BE6
__end_of_soft_delay                    text7        000C9C
__end_of_strcat                        text2        000BA2
__end_of_strcpy                        text1        000C64
__initialization                       cinit        000B06
__mediumconst                          mediumconst  000000
__pbitbssCOMRAM                        bitbssCOMRAM 0002D8
__pbssBANK0                            bssBANK0     000060
__pbssBANK1                            bssBANK1     000100
__pbssCOMRAM                           bssCOMRAM    00002F
__pcinit                               cinit        000B06
__pcstackBANK0                         cstackBANK0  00009C
__pcstackCOMRAM                        cstackCOMRAM 000001
__pdataCOMRAM                          dataCOMRAM   00004A
__pidataCOMRAM                         idataCOMRAM  000D86
__pintcode                             intcode      000008
__pintcode_body                        intcode_body 000832
__pintcodelo                           intcodelo    000018
__psmallconst                          smallconst   000600
__ptext0                               text0        0009EE
__ptext1                               text1        000C28
__ptext10                              text10       000D0C
__ptext11                              text11       000D6E
__ptext12                              text12       000C9C
__ptext13                              text13       000DA6
__ptext16                              text16       000D30
__ptext17                              text17       000614
__ptext18                              text18       000D50
__ptext19                              text19       000CC2
__ptext2                               text2        000B56
__ptext20                              text20       000DBC
__ptext3                               text3        000BA2
__ptext4                               text4        000D98
__ptext5                               text5        000BE6
__ptext6                               text6        000AB2
__ptext7                               text7        000C64
__ptext8                               text8        000DB4
__ptext9                               text9        000CE8
__ramtop                               ramtop       000600
__size_of_MUXchannel                   (abs)        000000
__size_of_UART1_Read                   (abs)        000000
__size_of_UART1_Write_Char             (abs)        000000
__size_of_UART2_Write_Char             (abs)        000000
__size_of_UART2_Write_Line             (abs)        000000
__size_of_UART2_Write_String           (abs)        000000
__size_of_USART1_init                  (abs)        000000
__size_of_USART2_init                  (abs)        000000
__size_of_add_sensors_data             (abs)        000000
__size_of_bt_handler                   (abs)        000000
__size_of_convert_char_hex             (abs)        000000
__size_of_hexlookup                    (abs)        000000
__size_of_interrupt_init               (abs)        000000
__size_of_intialize                    (abs)        000000
__size_of_isdigit                      (abs)        000000
__size_of_main                         (abs)        000000
__size_of_mux_handler                  (abs)        000000
__size_of_send_sensor_cmd              (abs)        000000
__size_of_soft_delay                   (abs)        000000
__size_of_strcat                       (abs)        000000
__size_of_strcpy                       (abs)        000000
__smallconst                           smallconst   000600
__stringdata                           smallconst   000601
_add_sensors_data                      text17       000614
_bt_event                              bitbssCOMRAM 0002D8
_bt_handler                            intcodelo    000018
_bt_input                              bssBANK0     000060
_checking_for_sensors                  bitbssCOMRAM 0002D9
_convert_char_hex                      text18       000D50
_has_sensor                            bssCOMRAM    00002F
_hexlookup                             text19       000CC2
_interrupt_init                        text8        000DB4
_intialize                             text6        000AB2
_isdigit                               text16       000D30
_isdigit$1777                          cstackCOMRAM 000002
_main                                  text0        0009EE
_mux_buffer_overflow                   bssCOMRAM    000034
_mux_error                             bitbssCOMRAM 0002DA
_mux_event                             bitbssCOMRAM 0002DB
_mux_handler                           intcode      000008
_mux_input                             bssCOMRAM    000036
_mux_input_index                       bssCOMRAM    000035
_send_sensor_cmd                       text3        000BA2
_sensorArray0                          bssBANK0     000074
_sensorArray1                          bssBANK0     000088
_sensorIndex                           bssCOMRAM    000032
_soft_delay                            text7        000C64
_strcat                                text2        000B56
_strcpy                                text1        000C28
_writeSensorString                     bssBANK1     000100
add_sensors_data@count                 cstackCOMRAM 000011
add_sensors_data@data                  cstackCOMRAM 000005
add_sensors_data@dst                   cstackCOMRAM 000014
add_sensors_data@end                   cstackCOMRAM 000012
add_sensors_data@formatted_sensor_data cstackCOMRAM 000007
add_sensors_data@j                     cstackCOMRAM 00000F
add_sensors_data@max_data_size         cstackCOMRAM 000009
add_sensors_data@tmp                   cstackCOMRAM 000016
convert_char_hex@c                     cstackCOMRAM 000004
convert_char_hex@hi_lo                 cstackCOMRAM 000003
end_of_initialization                  cinit        000B4C
hexlookup@h                            cstackCOMRAM 000002
hexlookup@hextable                     dataCOMRAM   00004A
int_func                               intcode_body 000832
intlevel0                              text         000000
intlevel1                              text         000000
intlevel2                              text         000000
intlevel3                              text         000000
isdigit@c                              cstackCOMRAM 000003
main@i                                 cstackBANK0  0000B5
main@inProcess                         cstackBANK0  0000B4
mux_handler@c                          cstackCOMRAM 00002E
mux_handler@data                       cstackCOMRAM 00002A
mux_handler@i                          cstackCOMRAM 00002C
send_sensor_cmd@sensor_index           cstackBANK0  0000B2
soft_delay@tt                          cstackBANK0  0000AE
stackhi                                (abs)        0005FF
stacklo                                (abs)        000150
start                                  init         0000C6
start_initialization                   cinit        000B06
strcat@cp                              cstackBANK0  0000B2
strcat@from                            cstackBANK0  0000B0
strcat@to                              cstackBANK0  0000AE
strcpy@cp                              cstackBANK0  0000B2
strcpy@from                            cstackBANK0  0000B0
strcpy@to                              cstackBANK0  0000AE


FUNCTION INFORMATION:

 *************** function _main *****************
 Defined at:
		line 421 in file "arkeon.c"
 Parameters:    Size  Location     Type
		None
 Auto vars:     Size  Location     Type
  i               2   25[BANK0 ] short 
  inProcess       1   24[BANK0 ] unsigned char 
 Return value:  Size  Location     Type
                  2  324[COMRAM] int 
 Registers used:
		wreg, fsr1l, fsr1h, fsr2l, fsr2h, status,2, status,0, tblptrl, tblptrh, tblptru, prodl, cstack
 Tracked objects:
		On entry : 
		On exit  : 
		Unchanged: 
 Data sizes:     COMRAM   BANK0   BANK1   BANK2   BANK3   BANK4   BANK5
      Params:         0       0       0       0       0       0       0
      Locals:         0       3       0       0       0       0       0
      Temps:          0       0       0       0       0       0       0
      Totals:         0       3       0       0       0       0       0
Total ram usage:        3 bytes
 Hardware stack levels required when called:    8
 This function calls:
		_UART2_Write_Line
		_intialize
		_send_sensor_cmd
		_soft_delay
		_strcat
		_strcpy
 This function is called by:
		Startup code after reset
 This function uses a non-reentrant model


 *************** function _strcpy *****************
 Defined at:
		line 8 in file "/Applications/microchip/xc8/v1.33/sources/common/strcpy.c"
 Parameters:    Size  Location     Type
  to              2   18[BANK0 ] PTR unsigned char 
		 -> writeSensorString(80), 
  from            2   20[BANK0 ] PTR const unsigned char 
		 -> STR_3(10), 
 Auto vars:     Size  Location     Type
  cp              2   22[BANK0 ] PTR unsigned char 
		 -> writeSensorString(80), 
 Return value:  Size  Location     Type
                  2   18[BANK0 ] PTR unsigned char 
 Registers used:
		wreg, fsr2l, fsr2h, status,2, status,0, tblptrl, tblptrh, tblptru
 Tracked objects:
		On entry : 
		On exit  : 
		Unchanged: 
 Data sizes:     COMRAM   BANK0   BANK1   BANK2   BANK3   BANK4   BANK5
      Params:         0       4       0       0       0       0       0
      Locals:         0       2       0       0       0       0       0
      Temps:          0       0       0       0       0       0       0
      Totals:         0       6       0       0       0       0       0
Total ram usage:        6 bytes
 Hardware stack levels used:    1
 Hardware stack levels required when called:    5
 This function calls:
		Nothing
 This function is called by:
		_main
 This function uses a non-reentrant model


 *************** function _strcat *****************
 Defined at:
		line 8 in file "/Applications/microchip/xc8/v1.33/sources/common/strcat.c"
 Parameters:    Size  Location     Type
  to              2   18[BANK0 ] PTR unsigned char 
		 -> writeSensorString(80), 
  from            2   20[BANK0 ] PTR const unsigned char 
		 -> sensorArray0(20), 
 Auto vars:     Size  Location     Type
  cp              2   22[BANK0 ] PTR unsigned char 
		 -> writeSensorString(80), 
 Return value:  Size  Location     Type
                  2   18[BANK0 ] PTR unsigned char 
 Registers used:
		wreg, fsr1l, fsr1h, fsr2l, fsr2h, status,2, status,0
 Tracked objects:
		On entry : 
		On exit  : 
		Unchanged: 
 Data sizes:     COMRAM   BANK0   BANK1   BANK2   BANK3   BANK4   BANK5
      Params:         0       4       0       0       0       0       0
      Locals:         0       2       0       0       0       0       0
      Temps:          0       0       0       0       0       0       0
      Totals:         0       6       0       0       0       0       0
Total ram usage:        6 bytes
 Hardware stack levels used:    1
 Hardware stack levels required when called:    5
 This function calls:
		Nothing
 This function is called by:
		_main
 This function uses a non-reentrant model


 *************** function _send_sensor_cmd *****************
 Defined at:
		line 326 in file "arkeon.c"
 Parameters:    Size  Location     Type
  sensor_index    1    wreg     unsigned char 
 Auto vars:     Size  Location     Type
  sensor_index    1   22[BANK0 ] unsigned char 
 Return value:  Size  Location     Type
		None               void
 Registers used:
		wreg, status,2, status,0, prodl, cstack
 Tracked objects:
		On entry : 
		On exit  : 
		Unchanged: 
 Data sizes:     COMRAM   BANK0   BANK1   BANK2   BANK3   BANK4   BANK5
      Params:         0       0       0       0       0       0       0
      Locals:         0       1       0       0       0       0       0
      Temps:          0       0       0       0       0       0       0
      Totals:         0       1       0       0       0       0       0
Total ram usage:        1 bytes
 Hardware stack levels used:    1
 Hardware stack levels required when called:    6
 This function calls:
		_MUXchannel
		_UART1_Write_Char
		_soft_delay
 This function is called by:
		_main
 This function uses a non-reentrant model


 *************** function _UART1_Write_Char *****************
 Defined at:
		line 115 in file "putgetc.c"
 Parameters:    Size  Location     Type
  data            1    wreg     unsigned char 
 Auto vars:     Size  Location     Type
  data            1   18[BANK0 ] unsigned char 
 Return value:  Size  Location     Type
		None               void
 Registers used:
		wreg
 Tracked objects:
		On entry : 
		On exit  : 
		Unchanged: 
 Data sizes:     COMRAM   BANK0   BANK1   BANK2   BANK3   BANK4   BANK5
      Params:         0       0       0       0       0       0       0
      Locals:         0       1       0       0       0       0       0
      Temps:          0       0       0       0       0       0       0
      Totals:         0       1       0       0       0       0       0
Total ram usage:        1 bytes
 Hardware stack levels used:    1
 Hardware stack levels required when called:    5
 This function calls:
		Nothing
 This function is called by:
		_send_sensor_cmd
		_UART1_Write_String
 This function uses a non-reentrant model


 *************** function _MUXchannel *****************
 Defined at:
		line 282 in file "arkeon.c"
 Parameters:    Size  Location     Type
  channel         2   18[BANK0 ] unsigned int 
 Auto vars:     Size  Location     Type
		None
 Return value:  Size  Location     Type
		None               void
 Registers used:
		wreg, status,2, status,0
 Tracked objects:
		On entry : 
		On exit  : 
		Unchanged: 
 Data sizes:     COMRAM   BANK0   BANK1   BANK2   BANK3   BANK4   BANK5
      Params:         0       2       0       0       0       0       0
      Locals:         0       0       0       0       0       0       0
      Temps:          0       2       0       0       0       0       0
      Totals:         0       4       0       0       0       0       0
Total ram usage:        4 bytes
 Hardware stack levels used:    1
 Hardware stack levels required when called:    5
 This function calls:
		Nothing
 This function is called by:
		_send_sensor_cmd
 This function uses a non-reentrant model


 *************** function _intialize *****************
 Defined at:
		line 376 in file "arkeon.c"
 Parameters:    Size  Location     Type
		None
 Auto vars:     Size  Location     Type
		None
 Return value:  Size  Location     Type
		None               void
 Registers used:
		wreg, status,2, status,0, prodl, cstack
 Tracked objects:
		On entry : 
		On exit  : 
		Unchanged: 
 Data sizes:     COMRAM   BANK0   BANK1   BANK2   BANK3   BANK4   BANK5
      Params:         0       0       0       0       0       0       0
      Locals:         0       0       0       0       0       0       0
      Temps:          0       0       0       0       0       0       0
      Totals:         0       0       0       0       0       0       0
Total ram usage:        0 bytes
 Hardware stack levels used:    1
 Hardware stack levels required when called:    6
 This function calls:
		_USART1_init
		_USART2_init
		_interrupt_init
		_soft_delay
 This function is called by:
		_main
 This function uses a non-reentrant model


 *************** function _soft_delay *****************
 Defined at:
		line 317 in file "arkeon.c"
 Parameters:    Size  Location     Type
  tt              2   18[BANK0 ] short 
 Auto vars:     Size  Location     Type
		None
 Return value:  Size  Location     Type
		None               void
 Registers used:
		wreg, status,2, status,0, prodl
 Tracked objects:
		On entry : 
		On exit  : 
		Unchanged: 
 Data sizes:     COMRAM   BANK0   BANK1   BANK2   BANK3   BANK4   BANK5
      Params:         0       2       0       0       0       0       0
      Locals:         0       0       0       0       0       0       0
      Temps:          0       1       0       0       0       0       0
      Totals:         0       3       0       0       0       0       0
Total ram usage:        3 bytes
 Hardware stack levels used:    1
 Hardware stack levels required when called:    5
 This function calls:
		Nothing
 This function is called by:
		_send_sensor_cmd
		_intialize
		_main
 This function uses a non-reentrant model


 *************** function _interrupt_init *****************
 Defined at:
		line 304 in file "arkeon.c"
 Parameters:    Size  Location     Type
		None
 Auto vars:     Size  Location     Type
		None
 Return value:  Size  Location     Type
		None               void
 Registers used:
		None
 Tracked objects:
		On entry : 
		On exit  : 
		Unchanged: 
 Data sizes:     COMRAM   BANK0   BANK1   BANK2   BANK3   BANK4   BANK5
      Params:         0       0       0       0       0       0       0
      Locals:         0       0       0       0       0       0       0
      Temps:          0       0       0       0       0       0       0
      Totals:         0       0       0       0       0       0       0
Total ram usage:        0 bytes
 Hardware stack levels used:    1
 Hardware stack levels required when called:    5
 This function calls:
		Nothing
 This function is called by:
		_intialize
 This function uses a non-reentrant model


 *************** function _USART2_init *****************
 Defined at:
		line 15 in file "putgetc.c"
 Parameters:    Size  Location     Type
		None
 Auto vars:     Size  Location     Type
		None
 Return value:  Size  Location     Type
		None               void
 Registers used:
		wreg, status,2
 Tracked objects:
		On entry : 
		On exit  : 
		Unchanged: 
 Data sizes:     COMRAM   BANK0   BANK1   BANK2   BANK3   BANK4   BANK5
      Params:         0       0       0       0       0       0       0
      Locals:         0       0       0       0       0       0       0
      Temps:          0       0       0       0       0       0       0
      Totals:         0       0       0       0       0       0       0
Total ram usage:        0 bytes
 Hardware stack levels used:    1
 Hardware stack levels required when called:    5
 This function calls:
		Nothing
 This function is called by:
		_intialize
 This function uses a non-reentrant model


 *************** function _USART1_init *****************
 Defined at:
		line 40 in file "putgetc.c"
 Parameters:    Size  Location     Type
		None
 Auto vars:     Size  Location     Type
		None
 Return value:  Size  Location     Type
		None               void
 Registers used:
		wreg, status,2
 Tracked objects:
		On entry : 
		On exit  : 
		Unchanged: 
 Data sizes:     COMRAM   BANK0   BANK1   BANK2   BANK3   BANK4   BANK5
      Params:         0       0       0       0       0       0       0
      Locals:         0       0       0       0       0       0       0
      Temps:          0       0       0       0       0       0       0
      Totals:         0       0       0       0       0       0       0
Total ram usage:        0 bytes
 Hardware stack levels used:    1
 Hardware stack levels required when called:    5
 This function calls:
		Nothing
 This function is called by:
		_intialize
 This function uses a non-reentrant model


 *************** function _UART2_Write_Line *****************
 Defined at:
		line 83 in file "putgetc.c"
 Parameters:    Size  Location     Type
  s               2   21[BANK0 ] PTR unsigned char 
		 -> writeSensorString(80), 
 Auto vars:     Size  Location     Type
		None
 Return value:  Size  Location     Type
		None               void
 Registers used:
		wreg, fsr2l, fsr2h, status,2, status,0, cstack
 Tracked objects:
		On entry : 
		On exit  : 
		Unchanged: 
 Data sizes:     COMRAM   BANK0   BANK1   BANK2   BANK3   BANK4   BANK5
      Params:         0       2       0       0       0       0       0
      Locals:         0       0       0       0       0       0       0
      Temps:          0       0       0       0       0       0       0
      Totals:         0       2       0       0       0       0       0
Total ram usage:        2 bytes
 Hardware stack levels used:    1
 Hardware stack levels required when called:    7
 This function calls:
		_UART2_Write_Char
		_UART2_Write_String
 This function is called by:
		_main
 This function uses a non-reentrant model


 *************** function _UART2_Write_String *****************
 Defined at:
		line 73 in file "putgetc.c"
 Parameters:    Size  Location     Type
  s               2   19[BANK0 ] PTR unsigned char 
		 -> writeSensorString(80), 
 Auto vars:     Size  Location     Type
		None
 Return value:  Size  Location     Type
		None               void
 Registers used:
		wreg, fsr2l, fsr2h, status,2, status,0, cstack
 Tracked objects:
		On entry : 
		On exit  : 
		Unchanged: 
 Data sizes:     COMRAM   BANK0   BANK1   BANK2   BANK3   BANK4   BANK5
      Params:         0       2       0       0       0       0       0
      Locals:         0       0       0       0       0       0       0
      Temps:          0       0       0       0       0       0       0
      Totals:         0       2       0       0       0       0       0
Total ram usage:        2 bytes
 Hardware stack levels used:    1
 Hardware stack levels required when called:    6
 This function calls:
		_UART2_Write_Char
 This function is called by:
		_UART2_Write_Line
 This function uses a non-reentrant model


 *************** function _UART2_Write_Char *****************
 Defined at:
		line 67 in file "putgetc.c"
 Parameters:    Size  Location     Type
  data            1    wreg     unsigned char 
 Auto vars:     Size  Location     Type
  data            1   18[BANK0 ] unsigned char 
 Return value:  Size  Location     Type
		None               void
 Registers used:
		wreg
 Tracked objects:
		On entry : 
		On exit  : 
		Unchanged: 
 Data sizes:     COMRAM   BANK0   BANK1   BANK2   BANK3   BANK4   BANK5
      Params:         0       0       0       0       0       0       0
      Locals:         0       1       0       0       0       0       0
      Temps:          0       0       0       0       0       0       0
      Totals:         0       1       0       0       0       0       0
Total ram usage:        1 bytes
 Hardware stack levels used:    1
 Hardware stack levels required when called:    5
 This function calls:
		Nothing
 This function is called by:
		_UART2_Write_String
		_UART2_Write_Line
 This function uses a non-reentrant model


 *************** function _bt_handler *****************
 Defined at:
		line 61 in file "arkeon.c"
 Parameters:    Size  Location     Type
		None
 Auto vars:     Size  Location     Type
		None
 Return value:  Size  Location     Type
		None               void
 Registers used:
		wreg
 Tracked objects:
		On entry : 
		On exit  : 
		Unchanged: 
 Data sizes:     COMRAM   BANK0   BANK1   BANK2   BANK3   BANK4   BANK5
      Params:         0       0       0       0       0       0       0
      Locals:         0       0       0       0       0       0       0
      Temps:          0      18       0       0       0       0       0
      Totals:         0      18       0       0       0       0       0
Total ram usage:       18 bytes
 Hardware stack levels used:    1
 Hardware stack levels required when called:    4
 This function calls:
		Nothing
 This function is called by:
		Interrupt level 1
 This function uses a non-reentrant model


 *************** function _mux_handler *****************
 Defined at:
		line 212 in file "arkeon.c"
 Parameters:    Size  Location     Type
		None
 Auto vars:     Size  Location     Type
  i               2   43[COMRAM] int 
  data            2   41[COMRAM] PTR unsigned char 
		 -> mux_input(20), 
  c               1   45[COMRAM] unsigned char 
 Return value:  Size  Location     Type
		None               void
 Registers used:
		wreg, fsr1l, fsr1h, fsr2l, fsr2h, status,2, status,0, prodl, prodh, cstack
 Tracked objects:
		On entry : 
		On exit  : 
		Unchanged: 
 Data sizes:     COMRAM   BANK0   BANK1   BANK2   BANK3   BANK4   BANK5
      Params:         0       0       0       0       0       0       0
      Locals:         5       0       0       0       0       0       0
      Temps:         18       0       0       0       0       0       0
      Totals:        23       0       0       0       0       0       0
Total ram usage:       23 bytes
 Hardware stack levels used:    1
 Hardware stack levels required when called:    3
 This function calls:
		_UART1_Read
		_add_sensors_data
		_isdigit
 This function is called by:
		Interrupt level 2
 This function uses a non-reentrant model


 *************** function _isdigit *****************
 Defined at:
		line 8 in file "/Applications/microchip/xc8/v1.33/sources/common/isdigit.c"
 Parameters:    Size  Location     Type
  c               1    wreg     unsigned char 
 Auto vars:     Size  Location     Type
  c               1    2[COMRAM] unsigned char 
 Return value:  Size  Location     Type
		None               void
 Registers used:
		wreg, status,2, status,0
 Tracked objects:
		On entry : 
		On exit  : 
		Unchanged: 
 Data sizes:     COMRAM   BANK0   BANK1   BANK2   BANK3   BANK4   BANK5
      Params:         0       0       0       0       0       0       0
      Locals:         2       0       0       0       0       0       0
      Temps:          1       0       0       0       0       0       0
      Totals:         3       0       0       0       0       0       0
Total ram usage:        3 bytes
 Hardware stack levels used:    1
 This function calls:
		Nothing
 This function is called by:
		_mux_handler
		_known_data_pattern
 This function uses a non-reentrant model


 *************** function _add_sensors_data *****************
 Defined at:
		line 97 in file "arkeon.c"
 Parameters:    Size  Location     Type
  data            2    4[COMRAM] PTR unsigned char 
		 -> mux_input(20), 
  formatted_se    2    6[COMRAM] PTR unsigned char 
		 -> sensorArray1(20), sensorArray0(20), 
  max_data_siz    2    8[COMRAM] int 
 Auto vars:     Size  Location     Type
  j               2   14[COMRAM] short 
  tmp             2   21[COMRAM] PTR unsigned char 
		 -> mux_input(20), 
  dst             2   19[COMRAM] PTR unsigned char 
		 -> sensorArray1(20), sensorArray0(20), 
  end             2   17[COMRAM] PTR unsigned char 
		 -> sensorArray1(20), sensorArray0(20), 
  count           1   16[COMRAM] unsigned char 
 Return value:  Size  Location     Type
		None               void
 Registers used:
		wreg, fsr1l, fsr1h, fsr2l, fsr2h, status,2, status,0, prodl, prodh, cstack
 Tracked objects:
		On entry : 
		On exit  : 
		Unchanged: 
 Data sizes:     COMRAM   BANK0   BANK1   BANK2   BANK3   BANK4   BANK5
      Params:         6       0       0       0       0       0       0
      Locals:         9       0       0       0       0       0       0
      Temps:          4       0       0       0       0       0       0
      Totals:        19       0       0       0       0       0       0
Total ram usage:       19 bytes
 Hardware stack levels used:    1
 Hardware stack levels required when called:    2
 This function calls:
		_convert_char_hex
 This function is called by:
		_mux_handler
 This function uses a non-reentrant model


 *************** function _convert_char_hex *****************
 Defined at:
		line 87 in file "arkeon.c"
 Parameters:    Size  Location     Type
  c               1    wreg     unsigned char 
  hi_lo           1    2[COMRAM] unsigned char 
 Auto vars:     Size  Location     Type
  c               1    3[COMRAM] unsigned char 
 Return value:  Size  Location     Type
                  1    wreg      unsigned char 
 Registers used:
		wreg, fsr2l, fsr2h, status,2, status,0, prodl, prodh, cstack
 Tracked objects:
		On entry : 
		On exit  : 
		Unchanged: 
 Data sizes:     COMRAM   BANK0   BANK1   BANK2   BANK3   BANK4   BANK5
      Params:         1       0       0       0       0       0       0
      Locals:         1       0       0       0       0       0       0
      Temps:          0       0       0       0       0       0       0
      Totals:         2       0       0       0       0       0       0
Total ram usage:        2 bytes
 Hardware stack levels used:    1
 Hardware stack levels required when called:    1
 This function calls:
		_hexlookup
 This function is called by:
		_add_sensors_data
 This function uses a non-reentrant model


 *************** function _hexlookup *****************
 Defined at:
		line 79 in file "arkeon.c"
 Parameters:    Size  Location     Type
  h               1    wreg     unsigned char 
 Auto vars:     Size  Location     Type
  h               1    1[COMRAM] unsigned char 
 Return value:  Size  Location     Type
                  1    wreg      unsigned char 
 Registers used:
		wreg, fsr2l, fsr2h, status,2, status,0, prodl, prodh
 Tracked objects:
		On entry : 
		On exit  : 
		Unchanged: 
 Data sizes:     COMRAM   BANK0   BANK1   BANK2   BANK3   BANK4   BANK5
      Params:         0       0       0       0       0       0       0
      Locals:         1       0       0       0       0       0       0
      Temps:          1       0       0       0       0       0       0
      Totals:         2       0       0       0       0       0       0
Total ram usage:        2 bytes
 Hardware stack levels used:    1
 This function calls:
		Nothing
 This function is called by:
		_convert_char_hex
 This function uses a non-reentrant model


 *************** function _UART1_Read *****************
 Defined at:
		line 140 in file "putgetc.c"
 Parameters:    Size  Location     Type
		None
 Auto vars:     Size  Location     Type
		None
 Return value:  Size  Location     Type
                  1    wreg      unsigned char 
 Registers used:
		wreg, status,2
 Tracked objects:
		On entry : 
		On exit  : 
		Unchanged: 
 Data sizes:     COMRAM   BANK0   BANK1   BANK2   BANK3   BANK4   BANK5
      Params:         0       0       0       0       0       0       0
      Locals:         0       0       0       0       0       0       0
      Temps:          0       0       0       0       0       0       0
      Totals:         0       0       0       0       0       0       0
Total ram usage:        0 bytes
 Hardware stack levels used:    1
 This function calls:
		Nothing
 This function is called by:
		_mux_handler
		_UART1_Read_Text
		_UART1_Read_Line
 This function uses a non-reentrant model



MODULE INFORMATION

Module		Function		Class		Link	Load	Size
/Applications/microchip/xc8/v1.33/sources/common/isdigit.c
		_isdigit       		CODE           	0D30	0000	32

/Applications/microchip/xc8/v1.33/sources/common/isdigit.c estimated size: 32

putgetc.c
		_UART1_Write_Ch		CODE           	0D98	0000	14
		_USART1_init   		CODE           	0D0C	0000	36
		_UART2_Write_Li		CODE           	0D6E	0000	24
		_UART2_Write_Ch		CODE           	0DA6	0000	14
		_USART2_init   		CODE           	0CE8	0000	36
		_UART1_Read    		CODE           	0DBC	0000	8
		_UART2_Write_St		CODE           	0C9C	0000	38

putgetc.c estimated size: 170

/Applications/microchip/xc8/v1.33/sources/common/strcat.c
		_strcat        		CODE           	0B56	0000	76

/Applications/microchip/xc8/v1.33/sources/common/strcat.c estimated size: 76

shared
		__stringdata   		SMALLCONST     	0601	0000	17
		__initializatio		CODE           	0B06	0000	70

shared estimated size: 87

arkeon.c
		_add_sensors_da		CODE           	0614	0000	542
		_mux_handler   		CODE           	0008	0000	2534
		_soft_delay    		CODE           	0C64	0000	56
		_main          		CODE           	09EE	0000	196
		_intialize     		CODE           	0AB2	0000	84
		_hexlookup     		CODE           	0CC2	0000	38
		_send_sensor_cm		CODE           	0BA2	0000	68
		_interrupt_init		CODE           	0DB4	0000	8
		_MUXchannel    		CODE           	0BE6	0000	66
		_convert_char_h		CODE           	0D50	0000	30
		_bt_handler    		CODE           	0018	0000	174

arkeon.c estimated size: 3796

/Applications/microchip/xc8/v1.33/sources/common/strcpy.c
		_strcpy        		CODE           	0C28	0000	60

/Applications/microchip/xc8/v1.33/sources/common/strcpy.c estimated size: 60

