Microchip MPLAB XC8 Compiler V1.33 ()

Linker command line:

--edf=/Applications/microchip/xc8/v1.33/dat/en_msgs.txt -cs \
  -h+dist/default/debug/Arkeon.X.debug.sym \
  --cmf=dist/default/debug/Arkeon.X.debug.cmf -z -Q18F25K22 \
  -o/tmp/cgtefgfgE -Mdist/default/debug/Arkeon.X.debug.map -E1 -ver=XC8 \
  -ASTACK=0150h-05ffh -pstack=STACK -ACODE=00h-07FFFh -ACONST=00h-07FFFh \
  -ASMALLCONST=0600h-06FFhx122 -AMEDIUMCONST=0600h-07FFFh -ACOMRAM=01h-05Fh \
  -AABS1=00h-05FFh -ABIGRAM=01h-05FFh -ARAM=060h-0FFh,0100h-01FFhx5 \
  -ABANK0=060h-0FFh -ABANK1=0100h-01FFh -ABANK2=0200h-02FFh \
  -ABANK3=0300h-03FFh -ABANK4=0400h-04FFh -ABANK5=0500h-05FFh \
  -ASFR=0F38h-0F5Fh,0F60h-0FFCh \
  -preset_vec=00h,intcode=08h,intcodelo=018h,powerup,init,end_init \
  -pramtop=0600h -psmallconst=SMALLCONST -pmediumconst=MEDIUMCONST \
  -pconst=CONST -AFARRAM=00h-00h -ACONFIG=0300000h-030000Dh -pconfig=CONFIG \
  -AIDLOC=0200000h-0200007h -pidloc=IDLOC -AEEDATA=0F00000h-0F000FFh \
  -peeprom_data=EEDATA \
  -prdata=COMRAM,nvrram=COMRAM,nvbit=COMRAM,rbss=COMRAM,rbit=COMRAM \
  -pfarbss=FARRAM,fardata=FARRAM,nvFARRAM=FARRAM \
  -pintsave_regs=BIGRAM,bigbss=BIGRAM,bigdata=BIGRAM -pbss=RAM \
  -pidata=CODE,irdata=CODE,ibigdata=CODE,ifardata=CODE /tmp/cgtn0D3ld.obj \
  dist/default/debug/Arkeon.X.debug.obj 

Object code version is 3.11

Machine type is 18F25K22

Call graph: (short form)




                Name                               Link     Load   Length Selector   Space Scale
/tmp/cgtn0D3ld.obj
                end_init                             C4       C4        4        C       0
                reset_vec                             0        0        6        0       0
                idloc                            200000   200000        8   200000       0
                config                           300000   300000        E   300000       0
dist/default/debug/Arkeon.X.debug.obj
                intcodelo                            18       18       AC        C       0
                intcode                               8        8       10        4       0
                smallconst                          600      600       10      300       0
                text21                              D34      D34        8      688       0
                text20                              9B2      9B2       64      308       0
                text19                              C32      C32       2A      308       0
                text18                              CC8      CC8       1E      308       0
                text17                              BC0      BC0       3A      308       0
                text16                              610      610      16C      308       0
                text15                              CA8      CA8       20      308       0
                intcode_body                        77C      77C      12A      308       0
                text12                              D1E      D1E        E      688       0
                text11                              C82      C82       26      308       0
                text10                              CE6      CE6       18      308       0
                text9                               C5C      C5C       26      308       0
                text8                               D2C      D2C        8      688       0
                text7                               BFA      BFA       38      308       0
                text6                               A66      A66       50      308       0
                text5                               B02      B02       42      308       0
                text4                               D10      D10        E      688       0
                text3                               B44      B44       40      308       0
                text2                               AB6      AB6       4C      308       0
                text1                               B84      B84       3C      308       0
                text0                               8A6      8A6      10C      308       0
                cstackCOMRAM                          1        1       26        1       1
                cstackBANK0                          B0       B0       1C       60       1
                bssBANK1                            100      100       50      100       1
                dataBANK0                            CC       CC       11       60       1
                bssBANK0                             60       60       50       60       1
                bssCOMRAM                            27       27       19        1       1
                bitbssCOMRAM                        200       40        4        1       1     8
                cinit                               A16      A16       50      308       0
                idataBANK0                          CFE      CFE       11      308       0

TOTAL           Name                               Link     Load   Length     Space
        CLASS   STACK          

        CLASS   CODE           
                end_init                             C4       C4        4         0
                intcodelo                            18       18       AC         0
                intcode                               8        8       10         0
                reset_vec                             0        0        6         0
                text21                              D34      D34        8         0
                text20                              9B2      9B2       64         0
                text19                              C32      C32       2A         0
                text18                              CC8      CC8       1E         0
                text17                              BC0      BC0       3A         0
                text16                              610      610      16C         0
                text15                              CA8      CA8       20         0
                intcode_body                        77C      77C      12A         0
                text12                              D1E      D1E        E         0
                text11                              C82      C82       26         0
                text10                              CE6      CE6       18         0
                text9                               C5C      C5C       26         0
                text8                               D2C      D2C        8         0
                text7                               BFA      BFA       38         0
                text6                               A66      A66       50         0
                text5                               B02      B02       42         0
                text4                               D10      D10        E         0
                text3                               B44      B44       40         0
                text2                               AB6      AB6       4C         0
                text1                               B84      B84       3C         0
                text0                               8A6      8A6      10C         0
                cinit                               A16      A16       50         0
                idataBANK0                          CFE      CFE       11         0

        CLASS   CONST          

        CLASS   SMALLCONST     
                smallconst                          600      600       10         0

        CLASS   MEDIUMCONST    

        CLASS   COMRAM         
                cstackCOMRAM                          1        1       26         1
                bssCOMRAM                            27       27       19         1
                bitbssCOMRAM                        200       40        4         1

        CLASS   ABS1           

        CLASS   BIGRAM         

        CLASS   RAM            

        CLASS   BANK0          
                cstackBANK0                          B0       B0       1C         1
                dataBANK0                            CC       CC       11         1
                bssBANK0                             60       60       50         1

        CLASS   BANK1          
                bssBANK1                            100      100       50         1

        CLASS   BANK2          

        CLASS   BANK3          

        CLASS   BANK4          

        CLASS   BANK5          

        CLASS   SFR            

        CLASS   FARRAM         

        CLASS   CONFIG         
                config                           300000   300000        E         0

        CLASS   IDLOC          
                idloc                            200000   200000        8         0

        CLASS   EEDATA         



SEGMENTS        Name                           Load    Length   Top    Selector   Space  Class

                reset_vec                      000000  000006  000006         0       0  CODE    
                cstackCOMRAM                   000001  000040  000041         1       1  COMRAM  
                intcode                        000008  000010  000018         4       0  CODE    
                intcodelo                      000018  0000B0  0000C8         C       0  CODE    
                bssBANK0                       000060  00007D  0000DD        60       1  BANK0   
                bssBANK1                       000100  000050  000150       100       1  BANK1   
                smallconst                     000600  000010  000610       300       0  SMALLCON
                text16                         000610  0006FF  000D0F       308       0  CODE    
                text4                          000D10  00002C  000D3C       688       0  CODE    
                idloc                          200000  000008  200008    200000       0  IDLOC   
                config                         300000  00000E  30000E    300000       0  CONFIG  


UNUSED ADDRESS RANGES

        Name                Unused          Largest block    Delta
        BANK0            0000DD-0000FF               23
        BANK1            000150-0001FF               B0
        BANK2            000200-0002FF              100
        BANK3            000300-0003FF              100
        BANK4            000400-0004FF              100
        BANK5            000500-0005FF              100
        BIGRAM           000041-00005F               1F
                         0000DD-0000FF               23
                         000150-0005FF              4B0
        CODE             000006-000007                2
                         0000C8-0005FF              538
                         000D0F-000D0F                1
                         000D3C-007FFF             72C4
        COMRAM           000041-00005F               1F
        CONST            000006-000007                2
                         0000C8-0005FF              538
                         000D0F-000D0F                1
                         000D3C-007FFF             72C4
        EEDATA           F00000-F000FF              100
        MEDIUMCONST      000D0F-000D0F                1
                         000D3C-007FFF             72C4
        RAM              0000DD-0000FF               23
                         000150-0005FF              100
        SFR              000F38-000FFC               28
        SMALLCONST       000D0F-000D0F                1
                         000D3C-007FFF              100
        STACK            000150-0005FF              4B0

                                  Symbol Table

?_strlen                               cstackCOMRAM 000013
MUXchannel@channel                     cstackBANK0  0000BF
UART1_Read_Line@Output                 cstackCOMRAM 000013
UART1_Read_Line@c                      cstackCOMRAM 00001B
UART1_Read_Line@i                      cstackCOMRAM 000019
UART1_Read_Line@j                      cstackCOMRAM 000017
UART1_Read_Line@length                 cstackCOMRAM 000015
UART1_Write_Char@data                  cstackBANK0  0000BF
UART2_Write_Char@data                  cstackBANK0  0000BF
UART2_Write_Line@s                     cstackBANK0  0000C2
UART2_Write_String@s                   cstackBANK0  0000C0
_ANSELA                                (abs)        000F38
_ANSELC                                (abs)        000F3A
_BAUDCON1bits                          (abs)        000FB8
_BAUDCON2bits                          (abs)        000F70
_INTCONbits                            (abs)        000FF2
_IPR1bits                              (abs)        000F9F
_IPR3bits                              (abs)        000FA5
_LATAbits                              (abs)        000F89
_LATCbits                              (abs)        000F8B
_MUXchannel                            text5        000B02
_OSCCON                                (abs)        000FD3
_OSCTUNEbits                           (abs)        000F9B
_PIE1bits                              (abs)        000F9D
_PIE3bits                              (abs)        000FA3
_PIR1bits                              (abs)        000F9E
_PIR3bits                              (abs)        000FA4
_PORTA                                 (abs)        000F80
_PORTB                                 (abs)        000F81
_PORTC                                 (abs)        000F82
_RCONbits                              (abs)        000FD0
_RCREG1                                (abs)        000FAE
_RCREG2                                (abs)        000F74
_RCSTA1bits                            (abs)        000FAB
_RCSTA2bits                            (abs)        000F71
_SPBRG1                                (abs)        000FAF
_SPBRG2                                (abs)        000F75
_SPBRGH1                               (abs)        000FB0
_SPBRGH2                               (abs)        000F76
_TRISAbits                             (abs)        000F92
_TRISBbits                             (abs)        000F93
_TRISCbits                             (abs)        000F94
_TXREG1                                (abs)        000FAD
_TXREG2                                (abs)        000F73
_TXSTA1bits                            (abs)        000FAC
_TXSTA2bits                            (abs)        000F72
_UART1_Read                            text21       000D34
_UART1_Read_Line                       text20       0009B2
_UART1_Write_Char                      text4        000D10
_UART2_Write_Char                      text12       000D1E
_UART2_Write_Line                      text10       000CE6
_UART2_Write_String                    text11       000C82
_USART1_init                           text9        000C5C
__CFG_BOREN$SBORDIS                    (abs)        000000
__CFG_BORV$190                         (abs)        000000
__CFG_CCP2MX$PORTC1                    (abs)        000000
__CFG_CCP3MX$PORTB5                    (abs)        000000
__CFG_CP0$OFF                          (abs)        000000
__CFG_CP1$OFF                          (abs)        000000
__CFG_CP2$OFF                          (abs)        000000
__CFG_CP3$OFF                          (abs)        000000
__CFG_CPB$OFF                          (abs)        000000
__CFG_CPD$OFF                          (abs)        000000
__CFG_EBTR0$OFF                        (abs)        000000
__CFG_EBTR1$OFF                        (abs)        000000
__CFG_EBTR2$OFF                        (abs)        000000
__CFG_EBTR3$OFF                        (abs)        000000
__CFG_EBTRB$OFF                        (abs)        000000
__CFG_FCMEN$OFF                        (abs)        000000
__CFG_FOSC$INTIO67                     (abs)        000000
__CFG_HFOFST$ON                        (abs)        000000
__CFG_IESO$OFF                         (abs)        000000
__CFG_LVP$OFF                          (abs)        000000
__CFG_MCLRE$EXTMCLR                    (abs)        000000
__CFG_P2BMX$PORTB5                     (abs)        000000
__CFG_PBADEN$ON                        (abs)        000000
__CFG_PLLCFG$ON                        (abs)        000000
__CFG_PRICLKEN$ON                      (abs)        000000
__CFG_PWRTEN$OFF                       (abs)        000000
__CFG_STVREN$ON                        (abs)        000000
__CFG_T3CMX$PORTC0                     (abs)        000000
__CFG_WDTEN$OFF                        (abs)        000000
__CFG_WDTPS$32768                      (abs)        000000
__CFG_WRT0$OFF                         (abs)        000000
__CFG_WRT1$OFF                         (abs)        000000
__CFG_WRT2$OFF                         (abs)        000000
__CFG_WRT3$OFF                         (abs)        000000
__CFG_WRTB$OFF                         (abs)        000000
__CFG_WRTC$OFF                         (abs)        000000
__CFG_WRTD$OFF                         (abs)        000000
__CFG_XINST$OFF                        (abs)        000000
__HRAM                                 (abs)        000000
__Habs1                                abs1         000000
__Hbank0                               bank0        000000
__Hbank1                               bank1        000000
__Hbank2                               bank2        000000
__Hbank3                               bank3        000000
__Hbank4                               bank4        000000
__Hbank5                               bank5        000000
__Hbigbss                              bigbss       000000
__Hbigdata                             bigdata      000000
__Hbigram                              bigram       000000
__HbitbssCOMRAM                        bitbssCOMRAM 000000
__Hbss                                 bss          000000
__HbssBANK0                            bssBANK0     000000
__HbssBANK1                            bssBANK1     000000
__HbssCOMRAM                           bssCOMRAM    000000
__Hcinit                               cinit        000000
__Hclrtext                             clrtext      000000
__Hcomram                              comram       000000
__Hconfig                              config       30000E
__Hconst                               const        000000
__HcstackBANK0                         cstackBANK0  000000
__HcstackCOMRAM                        cstackCOMRAM 000000
__Hdata                                data         000000
__HdataBANK0                           dataBANK0    000000
__Heeprom_data                         eeprom_data  000000
__Hend_init                            end_init     0000C8
__Hfarbss                              farbss       000000
__Hfardata                             fardata      000000
__Hibigdata                            ibigdata     000000
__Hidata                               idata        000000
__HidataBANK0                          idataBANK0   000000
__Hidloc                               idloc        200008
__Hifardata                            ifardata     000000
__Hinit                                init         0000C4
__Hintcode                             intcode      000018
__Hintcode_body                        intcode_body 000000
__Hintcodelo                           intcodelo    0000C4
__Hintentry                            intentry     000000
__Hintret                              intret       000000
__Hintsave_regs                        intsave_regs 000000
__Hirdata                              irdata       000000
__Hmediumconst                         mediumconst  000000
__HnvFARRAM                            nvFARRAM     000000
__Hnvbit                               nvbit        000000
__Hnvrram                              nvrram       000000
__Hparam                               rparam       000000
__Hpowerup                             powerup      0000C4
__Hram                                 ram          000000
__Hramtop                              ramtop       000600
__Hrbit                                rbit         000000
__Hrbss                                rbss         000000
__Hrdata                               rdata        000000
__Hreset_vec                           reset_vec    000006
__Hrparam                              rparam       000000
__Hsfr                                 sfr          000000
__Hsmallconst                          smallconst   000610
__Hspace_0                             (abs)        30000E
__Hspace_1                             (abs)        000204
__Hspace_2                             (abs)        000000
__Hstack                               stack        000000
__Hstruct                              struct       000000
__Htemp                                temp         000000
__Htext                                text         000000
__Htext0                               text0        000000
__Htext1                               text1        000000
__Htext10                              text10       000000
__Htext11                              text11       000000
__Htext12                              text12       000000
__Htext15                              text15       000000
__Htext16                              text16       000000
__Htext17                              text17       000000
__Htext18                              text18       000000
__Htext19                              text19       000000
__Htext2                               text2        000000
__Htext20                              text20       000000
__Htext21                              text21       000000
__Htext3                               text3        000000
__Htext4                               text4        000000
__Htext5                               text5        000000
__Htext6                               text6        000000
__Htext7                               text7        000000
__Htext8                               text8        000000
__Htext9                               text9        000000
__LRAM                                 (abs)        000001
__Labs1                                abs1         000000
__Lbank0                               bank0        000000
__Lbank1                               bank1        000000
__Lbank2                               bank2        000000
__Lbank3                               bank3        000000
__Lbank4                               bank4        000000
__Lbank5                               bank5        000000
__Lbigbss                              bigbss       000000
__Lbigdata                             bigdata      000000
__Lbigram                              bigram       000000
__LbitbssCOMRAM                        bitbssCOMRAM 000000
__Lbss                                 bss          000000
__LbssBANK0                            bssBANK0     000000
__LbssBANK1                            bssBANK1     000000
__LbssCOMRAM                           bssCOMRAM    000000
__Lcinit                               cinit        000000
__Lclrtext                             clrtext      000000
__Lcomram                              comram       000000
__Lconfig                              config       300000
__Lconst                               const        000000
__LcstackBANK0                         cstackBANK0  000000
__LcstackCOMRAM                        cstackCOMRAM 000000
__Ldata                                data         000000
__LdataBANK0                           dataBANK0    000000
__Leeprom_data                         eeprom_data  000000
__Lend_init                            end_init     0000C4
__Lfarbss                              farbss       000000
__Lfardata                             fardata      000000
__Libigdata                            ibigdata     000000
__Lidata                               idata        000000
__LidataBANK0                          idataBANK0   000000
__Lidloc                               idloc        200000
__Lifardata                            ifardata     000000
__Linit                                init         0000C4
__Lintcode                             intcode      000008
__Lintcode_body                        intcode_body 000000
__Lintcodelo                           intcodelo    000018
__Lintentry                            intentry     000000
__Lintret                              intret       000000
__Lintsave_regs                        intsave_regs 000000
__Lirdata                              irdata       000000
__Lmediumconst                         mediumconst  000000
__LnvFARRAM                            nvFARRAM     000000
__Lnvbit                               nvbit        000000
__Lnvrram                              nvrram       000000
__Lparam                               rparam       000000
__Lpowerup                             powerup      0000C4
__Lram                                 ram          000000
__Lramtop                              ramtop       000600
__Lrbit                                rbit         000000
__Lrbss                                rbss         000000
__Lrdata                               rdata        000000
__Lreset_vec                           reset_vec    000000
__Lrparam                              rparam       000000
__Lsfr                                 sfr          000000
__Lsmallconst                          smallconst   000600
__Lspace_0                             (abs)        000000
__Lspace_1                             (abs)        000000
__Lspace_2                             (abs)        000000
__Lstack                               stack        000000
__Lstruct                              struct       000000
__Ltemp                                temp         000000
__Ltext                                text         000000
__Ltext0                               text0        000000
__Ltext1                               text1        000000
__Ltext10                              text10       000000
__Ltext11                              text11       000000
__Ltext12                              text12       000000
__Ltext15                              text15       000000
__Ltext16                              text16       000000
__Ltext17                              text17       000000
__Ltext18                              text18       000000
__Ltext19                              text19       000000
__Ltext2                               text2        000000
__Ltext20                              text20       000000
__Ltext21                              text21       000000
__Ltext3                               text3        000000
__Ltext4                               text4        000000
__Ltext5                               text5        000000
__Ltext6                               text6        000000
__Ltext7                               text7        000000
__Ltext8                               text8        000000
__Ltext9                               text9        000000
__S0                                   (abs)        30000E
__S1                                   (abs)        000150
__S2                                   (abs)        000000
___inthi_sp                            stack        000000
___intlo_sp                            stack        000000
___sp                                  stack        000000
__accesstop                            (abs)        000060
__activetblptr                         (abs)        000002
__end_of_MUXchannel                    text5        000B44
__end_of_UART1_Read                    text21       000D3C
__end_of_UART1_Read_Line               text20       000A16
__end_of_UART1_Write_Char              text4        000D1E
__end_of_UART2_Write_Char              text12       000D2C
__end_of_UART2_Write_Line              text10       000CFE
__end_of_UART2_Write_String            text11       000CA8
__end_of_USART1_init                   text9        000C82
__end_of__initialization               cinit        000A5C
__end_of__stringdata                   smallconst   00060E
__end_of_add_sensors_data              text16       00077C
__end_of_bt_handler                    intcodelo    0000C4
__end_of_convert_char_hex              text18       000CE6
__end_of_hexlookup                     text19       000C5C
__end_of_interrupt_init                text8        000D34
__end_of_intialize                     text6        000AB6
__end_of_isdigit                       text15       000CC8
__end_of_main                          text0        0009B2
__end_of_mux_handler                   intcode_body 0008A6
__end_of_send_sensor_cmd               text3        000B84
__end_of_soft_delay                    text7        000C32
__end_of_strcat                        text2        000B02
__end_of_strcpy                        text1        000BC0
__end_of_strlen                        text17       000BFA
__initialization                       cinit        000A16
__mediumconst                          mediumconst  000000
__pbitbssCOMRAM                        bitbssCOMRAM 000200
__pbssBANK0                            bssBANK0     000060
__pbssBANK1                            bssBANK1     000100
__pbssCOMRAM                           bssCOMRAM    000027
__pcinit                               cinit        000A16
__pcstackBANK0                         cstackBANK0  0000B0
__pcstackCOMRAM                        cstackCOMRAM 000001
__pdataBANK0                           dataBANK0    0000CC
__pidataBANK0                          idataBANK0   000CFE
__pintcode                             intcode      000008
__pintcode_body                        intcode_body 00077C
__pintcodelo                           intcodelo    000018
__psmallconst                          smallconst   000600
__ptext0                               text0        0008A6
__ptext1                               text1        000B84
__ptext10                              text10       000CE6
__ptext11                              text11       000C82
__ptext12                              text12       000D1E
__ptext15                              text15       000CA8
__ptext16                              text16       000610
__ptext17                              text17       000BC0
__ptext18                              text18       000CC8
__ptext19                              text19       000C32
__ptext2                               text2        000AB6
__ptext20                              text20       0009B2
__ptext21                              text21       000D34
__ptext3                               text3        000B44
__ptext4                               text4        000D10
__ptext5                               text5        000B02
__ptext6                               text6        000A66
__ptext7                               text7        000BFA
__ptext8                               text8        000D2C
__ptext9                               text9        000C5C
__ramtop                               ramtop       000600
__size_of_MUXchannel                   (abs)        000000
__size_of_UART1_Read                   (abs)        000000
__size_of_UART1_Read_Line              (abs)        000000
__size_of_UART1_Write_Char             (abs)        000000
__size_of_UART2_Write_Char             (abs)        000000
__size_of_UART2_Write_Line             (abs)        000000
__size_of_UART2_Write_String           (abs)        000000
__size_of_USART1_init                  (abs)        000000
__size_of_add_sensors_data             (abs)        000000
__size_of_bt_handler                   (abs)        000000
__size_of_convert_char_hex             (abs)        000000
__size_of_hexlookup                    (abs)        000000
__size_of_interrupt_init               (abs)        000000
__size_of_intialize                    (abs)        000000
__size_of_isdigit                      (abs)        000000
__size_of_main                         (abs)        000000
__size_of_mux_handler                  (abs)        000000
__size_of_send_sensor_cmd              (abs)        000000
__size_of_soft_delay                   (abs)        000000
__size_of_strcat                       (abs)        000000
__size_of_strcpy                       (abs)        000000
__size_of_strlen                       (abs)        000000
__smallconst                           smallconst   000600
__stringdata                           smallconst   000601
_add_sensors_data                      text16       000610
_bt_event                              bitbssCOMRAM 000200
_bt_handler                            intcodelo    000018
_bt_input                              bssBANK0     000060
_checking_for_sensors                  bitbssCOMRAM 000201
_convert_char_hex                      text18       000CC8
_has_sensor                            bssCOMRAM    000027
_hexlookup                             text19       000C32
_interrupt_init                        text8        000D2C
_intialize                             text6        000A66
_isdigit                               text15       000CA8
_isdigit$1862                          cstackCOMRAM 000014
_main                                  text0        0008A6
_mux_error                             bitbssCOMRAM 000202
_mux_event                             bitbssCOMRAM 000203
_mux_handler                           intcode      000008
_mux_input                             bssCOMRAM    00002C
_send_sensor_cmd                       text3        000B44
_sensorArray0                          bssBANK0     000074
_sensorArray1                          bssBANK0     000088
_sensorArray2                          bssBANK0     00009C
_sensorIndex                           bssCOMRAM    00002A
_soft_delay                            text7        000BFA
_strcat                                text2        000AB6
_strcpy                                text1        000B84
_strlen                                text17       000BC0
_writeSensorString                     bssBANK1     000100
add_sensors_data@count                 cstackCOMRAM 000022
add_sensors_data@data                  cstackCOMRAM 000019
add_sensors_data@dst                   cstackCOMRAM 000023
add_sensors_data@formatted_sensor_data cstackCOMRAM 00001B
add_sensors_data@j                     cstackCOMRAM 000020
add_sensors_data@n                     cstackCOMRAM 00001E
add_sensors_data@tmp                   cstackCOMRAM 000025
convert_char_hex@c                     cstackCOMRAM 000016
convert_char_hex@hi_lo                 cstackCOMRAM 000015
end_of_initialization                  cinit        000A5C
hexlookup@h                            cstackCOMRAM 000014
hexlookup@hextable                     dataBANK0    0000CC
int_func                               intcode_body 00077C
intlevel0                              text         000000
intlevel1                              text         000000
intlevel2                              text         000000
intlevel3                              text         000000
isdigit@c                              cstackCOMRAM 000015
main@count_bt_events                   cstackBANK0  0000C7
main@count_up                          cstackBANK0  0000C5
main@i                                 cstackBANK0  0000CA
main@inProcess                         cstackBANK0  0000C9
send_sensor_cmd@sensor_index           cstackBANK0  0000C3
soft_delay@tt                          cstackBANK0  0000BF
stackhi                                (abs)        0005FF
stacklo                                (abs)        000150
start                                  init         0000C4
start_initialization                   cinit        000A16
strcat@cp                              cstackBANK0  0000C3
strcat@from                            cstackBANK0  0000C1
strcat@to                              cstackBANK0  0000BF
strcpy@cp                              cstackBANK0  0000C3
strcpy@from                            cstackBANK0  0000C1
strcpy@to                              cstackBANK0  0000BF
strlen@cp                              cstackCOMRAM 000017
strlen@s                               cstackCOMRAM 000013


FUNCTION INFORMATION:

 *************** function _main *****************
 Defined at:
		line 316 in file "arkeon.c"
 Parameters:    Size  Location     Type
		None
 Auto vars:     Size  Location     Type
  i               2   26[BANK0 ] short 
  count_bt_eve    2   23[BANK0 ] int 
  count_up        2   21[BANK0 ] short 
  inProcess       1   25[BANK0 ] unsigned char 
 Return value:  Size  Location     Type
                  2  178[COMRAM] int 
 Registers used:
		wreg, fsr1l, fsr1h, fsr2l, fsr2h, status,2, status,0, tblptrl, tblptrh, tblptru, prodl, cstack
 Tracked objects:
		On entry : 
		On exit  : 
		Unchanged: 
 Data sizes:     COMRAM   BANK0   BANK1   BANK2   BANK3   BANK4   BANK5
      Params:         0       0       0       0       0       0       0
      Locals:         0       7       0       0       0       0       0
      Temps:          0       0       0       0       0       0       0
      Totals:         0       7       0       0       0       0       0
Total ram usage:        7 bytes
 Hardware stack levels required when called:    8
 This function calls:
		_UART2_Write_Line
		_intialize
		_send_sensor_cmd
		_soft_delay
		_strcat
		_strcpy
 This function is called by:
		Startup code after reset
 This function uses a non-reentrant model


 *************** function _strcpy *****************
 Defined at:
		line 8 in file "/Applications/microchip/xc8/v1.33/sources/common/strcpy.c"
 Parameters:    Size  Location     Type
  to              2   15[BANK0 ] PTR unsigned char 
		 -> writeSensorString(80), 
  from            2   17[BANK0 ] PTR const unsigned char 
		 -> STR_2(10), 
 Auto vars:     Size  Location     Type
  cp              2   19[BANK0 ] PTR unsigned char 
		 -> writeSensorString(80), 
 Return value:  Size  Location     Type
                  2   15[BANK0 ] PTR unsigned char 
 Registers used:
		wreg, fsr2l, fsr2h, status,2, status,0, tblptrl, tblptrh, tblptru
 Tracked objects:
		On entry : 
		On exit  : 
		Unchanged: 
 Data sizes:     COMRAM   BANK0   BANK1   BANK2   BANK3   BANK4   BANK5
      Params:         0       4       0       0       0       0       0
      Locals:         0       2       0       0       0       0       0
      Temps:          0       0       0       0       0       0       0
      Totals:         0       6       0       0       0       0       0
Total ram usage:        6 bytes
 Hardware stack levels used:    1
 Hardware stack levels required when called:    5
 This function calls:
		Nothing
 This function is called by:
		_main
 This function uses a non-reentrant model


 *************** function _strcat *****************
 Defined at:
		line 8 in file "/Applications/microchip/xc8/v1.33/sources/common/strcat.c"
 Parameters:    Size  Location     Type
  to              2   15[BANK0 ] PTR unsigned char 
		 -> writeSensorString(80), 
  from            2   17[BANK0 ] PTR const unsigned char 
		 -> sensorArray1(20), sensorArray0(20), 
 Auto vars:     Size  Location     Type
  cp              2   19[BANK0 ] PTR unsigned char 
		 -> writeSensorString(80), 
 Return value:  Size  Location     Type
                  2   15[BANK0 ] PTR unsigned char 
 Registers used:
		wreg, fsr1l, fsr1h, fsr2l, fsr2h, status,2, status,0
 Tracked objects:
		On entry : 
		On exit  : 
		Unchanged: 
 Data sizes:     COMRAM   BANK0   BANK1   BANK2   BANK3   BANK4   BANK5
      Params:         0       4       0       0       0       0       0
      Locals:         0       2       0       0       0       0       0
      Temps:          0       0       0       0       0       0       0
      Totals:         0       6       0       0       0       0       0
Total ram usage:        6 bytes
 Hardware stack levels used:    1
 Hardware stack levels required when called:    5
 This function calls:
		Nothing
 This function is called by:
		_main
 This function uses a non-reentrant model


 *************** function _send_sensor_cmd *****************
 Defined at:
		line 228 in file "arkeon.c"
 Parameters:    Size  Location     Type
  sensor_index    1    wreg     unsigned char 
 Auto vars:     Size  Location     Type
  sensor_index    1   19[BANK0 ] unsigned char 
 Return value:  Size  Location     Type
		None               void
 Registers used:
		wreg, status,2, status,0, prodl, cstack
 Tracked objects:
		On entry : 
		On exit  : 
		Unchanged: 
 Data sizes:     COMRAM   BANK0   BANK1   BANK2   BANK3   BANK4   BANK5
      Params:         0       0       0       0       0       0       0
      Locals:         0       1       0       0       0       0       0
      Temps:          0       0       0       0       0       0       0
      Totals:         0       1       0       0       0       0       0
Total ram usage:        1 bytes
 Hardware stack levels used:    1
 Hardware stack levels required when called:    6
 This function calls:
		_MUXchannel
		_UART1_Write_Char
		_soft_delay
 This function is called by:
		_main
 This function uses a non-reentrant model


 *************** function _UART1_Write_Char *****************
 Defined at:
		line 122 in file "putgetc.c"
 Parameters:    Size  Location     Type
  data            1    wreg     unsigned char 
 Auto vars:     Size  Location     Type
  data            1   15[BANK0 ] unsigned char 
 Return value:  Size  Location     Type
		None               void
 Registers used:
		wreg
 Tracked objects:
		On entry : 
		On exit  : 
		Unchanged: 
 Data sizes:     COMRAM   BANK0   BANK1   BANK2   BANK3   BANK4   BANK5
      Params:         0       0       0       0       0       0       0
      Locals:         0       1       0       0       0       0       0
      Temps:          0       0       0       0       0       0       0
      Totals:         0       1       0       0       0       0       0
Total ram usage:        1 bytes
 Hardware stack levels used:    1
 Hardware stack levels required when called:    5
 This function calls:
		Nothing
 This function is called by:
		_send_sensor_cmd
		_check_for_sensors
		_UART1_Write_String
 This function uses a non-reentrant model


 *************** function _MUXchannel *****************
 Defined at:
		line 160 in file "arkeon.c"
 Parameters:    Size  Location     Type
  channel         2   15[BANK0 ] unsigned int 
 Auto vars:     Size  Location     Type
		None
 Return value:  Size  Location     Type
		None               void
 Registers used:
		wreg, status,2, status,0
 Tracked objects:
		On entry : 
		On exit  : 
		Unchanged: 
 Data sizes:     COMRAM   BANK0   BANK1   BANK2   BANK3   BANK4   BANK5
      Params:         0       2       0       0       0       0       0
      Locals:         0       0       0       0       0       0       0
      Temps:          0       2       0       0       0       0       0
      Totals:         0       4       0       0       0       0       0
Total ram usage:        4 bytes
 Hardware stack levels used:    1
 Hardware stack levels required when called:    5
 This function calls:
		Nothing
 This function is called by:
		_send_sensor_cmd
		_check_for_sensors
 This function uses a non-reentrant model


 *************** function _intialize *****************
 Defined at:
		line 273 in file "arkeon.c"
 Parameters:    Size  Location     Type
		None
 Auto vars:     Size  Location     Type
		None
 Return value:  Size  Location     Type
		None               void
 Registers used:
		wreg, status,2, status,0, prodl, cstack
 Tracked objects:
		On entry : 
		On exit  : 
		Unchanged: 
 Data sizes:     COMRAM   BANK0   BANK1   BANK2   BANK3   BANK4   BANK5
      Params:         0       0       0       0       0       0       0
      Locals:         0       0       0       0       0       0       0
      Temps:          0       0       0       0       0       0       0
      Totals:         0       0       0       0       0       0       0
Total ram usage:        0 bytes
 Hardware stack levels used:    1
 Hardware stack levels required when called:    6
 This function calls:
		_USART1_init
		_interrupt_init
		_soft_delay
 This function is called by:
		_main
 This function uses a non-reentrant model


 *************** function _soft_delay *****************
 Defined at:
		line 194 in file "arkeon.c"
 Parameters:    Size  Location     Type
  tt              2   15[BANK0 ] short 
 Auto vars:     Size  Location     Type
		None
 Return value:  Size  Location     Type
		None               void
 Registers used:
		wreg, status,2, status,0, prodl
 Tracked objects:
		On entry : 
		On exit  : 
		Unchanged: 
 Data sizes:     COMRAM   BANK0   BANK1   BANK2   BANK3   BANK4   BANK5
      Params:         0       2       0       0       0       0       0
      Locals:         0       0       0       0       0       0       0
      Temps:          0       1       0       0       0       0       0
      Totals:         0       3       0       0       0       0       0
Total ram usage:        3 bytes
 Hardware stack levels used:    1
 Hardware stack levels required when called:    5
 This function calls:
		Nothing
 This function is called by:
		_send_sensor_cmd
		_intialize
		_main
		_check_for_sensors
 This function uses a non-reentrant model


 *************** function _interrupt_init *****************
 Defined at:
		line 182 in file "arkeon.c"
 Parameters:    Size  Location     Type
		None
 Auto vars:     Size  Location     Type
		None
 Return value:  Size  Location     Type
		None               void
 Registers used:
		None
 Tracked objects:
		On entry : 
		On exit  : 
		Unchanged: 
 Data sizes:     COMRAM   BANK0   BANK1   BANK2   BANK3   BANK4   BANK5
      Params:         0       0       0       0       0       0       0
      Locals:         0       0       0       0       0       0       0
      Temps:          0       0       0       0       0       0       0
      Totals:         0       0       0       0       0       0       0
Total ram usage:        0 bytes
 Hardware stack levels used:    1
 Hardware stack levels required when called:    5
 This function calls:
		Nothing
 This function is called by:
		_intialize
 This function uses a non-reentrant model


 *************** function _USART1_init *****************
 Defined at:
		line 40 in file "putgetc.c"
 Parameters:    Size  Location     Type
		None
 Auto vars:     Size  Location     Type
		None
 Return value:  Size  Location     Type
		None               void
 Registers used:
		wreg, status,2
 Tracked objects:
		On entry : 
		On exit  : 
		Unchanged: 
 Data sizes:     COMRAM   BANK0   BANK1   BANK2   BANK3   BANK4   BANK5
      Params:         0       0       0       0       0       0       0
      Locals:         0       0       0       0       0       0       0
      Temps:          0       0       0       0       0       0       0
      Totals:         0       0       0       0       0       0       0
Total ram usage:        0 bytes
 Hardware stack levels used:    1
 Hardware stack levels required when called:    5
 This function calls:
		Nothing
 This function is called by:
		_intialize
 This function uses a non-reentrant model


 *************** function _UART2_Write_Line *****************
 Defined at:
		line 88 in file "putgetc.c"
 Parameters:    Size  Location     Type
  s               2   18[BANK0 ] PTR unsigned char 
		 -> writeSensorString(80), 
 Auto vars:     Size  Location     Type
		None
 Return value:  Size  Location     Type
		None               void
 Registers used:
		wreg, fsr2l, fsr2h, status,2, status,0, cstack
 Tracked objects:
		On entry : 
		On exit  : 
		Unchanged: 
 Data sizes:     COMRAM   BANK0   BANK1   BANK2   BANK3   BANK4   BANK5
      Params:         0       2       0       0       0       0       0
      Locals:         0       0       0       0       0       0       0
      Temps:          0       0       0       0       0       0       0
      Totals:         0       2       0       0       0       0       0
Total ram usage:        2 bytes
 Hardware stack levels used:    1
 Hardware stack levels required when called:    7
 This function calls:
		_UART2_Write_Char
		_UART2_Write_String
 This function is called by:
		_main
 This function uses a non-reentrant model


 *************** function _UART2_Write_String *****************
 Defined at:
		line 78 in file "putgetc.c"
 Parameters:    Size  Location     Type
  s               2   16[BANK0 ] PTR unsigned char 
		 -> writeSensorString(80), 
 Auto vars:     Size  Location     Type
		None
 Return value:  Size  Location     Type
		None               void
 Registers used:
		wreg, fsr2l, fsr2h, status,2, status,0, cstack
 Tracked objects:
		On entry : 
		On exit  : 
		Unchanged: 
 Data sizes:     COMRAM   BANK0   BANK1   BANK2   BANK3   BANK4   BANK5
      Params:         0       2       0       0       0       0       0
      Locals:         0       0       0       0       0       0       0
      Temps:          0       0       0       0       0       0       0
      Totals:         0       2       0       0       0       0       0
Total ram usage:        2 bytes
 Hardware stack levels used:    1
 Hardware stack levels required when called:    6
 This function calls:
		_UART2_Write_Char
 This function is called by:
		_UART2_Write_Line
 This function uses a non-reentrant model


 *************** function _UART2_Write_Char *****************
 Defined at:
		line 72 in file "putgetc.c"
 Parameters:    Size  Location     Type
  data            1    wreg     unsigned char 
 Auto vars:     Size  Location     Type
  data            1   15[BANK0 ] unsigned char 
 Return value:  Size  Location     Type
		None               void
 Registers used:
		wreg
 Tracked objects:
		On entry : 
		On exit  : 
		Unchanged: 
 Data sizes:     COMRAM   BANK0   BANK1   BANK2   BANK3   BANK4   BANK5
      Params:         0       0       0       0       0       0       0
      Locals:         0       1       0       0       0       0       0
      Temps:          0       0       0       0       0       0       0
      Totals:         0       1       0       0       0       0       0
Total ram usage:        1 bytes
 Hardware stack levels used:    1
 Hardware stack levels required when called:    5
 This function calls:
		Nothing
 This function is called by:
		_UART2_Write_String
		_UART2_Write_Line
 This function uses a non-reentrant model


 *************** function _bt_handler *****************
 Defined at:
		line 143 in file "arkeon.c"
 Parameters:    Size  Location     Type
		None
 Auto vars:     Size  Location     Type
		None
 Return value:  Size  Location     Type
		None               void
 Registers used:
		wreg
 Tracked objects:
		On entry : 
		On exit  : 
		Unchanged: 
 Data sizes:     COMRAM   BANK0   BANK1   BANK2   BANK3   BANK4   BANK5
      Params:         0       0       0       0       0       0       0
      Locals:         0       0       0       0       0       0       0
      Temps:         18       0       0       0       0       0       0
      Totals:        18       0       0       0       0       0       0
Total ram usage:       18 bytes
 Hardware stack levels used:    1
 Hardware stack levels required when called:    4
 This function calls:
		Nothing
 This function is called by:
		Interrupt level 1
 This function uses a non-reentrant model


 *************** function _mux_handler *****************
 Defined at:
		line 99 in file "arkeon.c"
 Parameters:    Size  Location     Type
		None
 Auto vars:     Size  Location     Type
		None
 Return value:  Size  Location     Type
		None               void
 Registers used:
		wreg, fsr1l, fsr1h, fsr2l, fsr2h, status,2, status,0, prodl, prodh, cstack
 Tracked objects:
		On entry : 
		On exit  : 
		Unchanged: 
 Data sizes:     COMRAM   BANK0   BANK1   BANK2   BANK3   BANK4   BANK5
      Params:         0       0       0       0       0       0       0
      Locals:         0       0       0       0       0       0       0
      Temps:          0      15       0       0       0       0       0
      Totals:         0      15       0       0       0       0       0
Total ram usage:       15 bytes
 Hardware stack levels used:    1
 Hardware stack levels required when called:    3
 This function calls:
		_UART1_Read_Line
		_add_sensors_data
		_isdigit
 This function is called by:
		Interrupt level 2
 This function uses a non-reentrant model


 *************** function _isdigit *****************
 Defined at:
		line 8 in file "/Applications/microchip/xc8/v1.33/sources/common/isdigit.c"
 Parameters:    Size  Location     Type
  c               1    wreg     unsigned char 
 Auto vars:     Size  Location     Type
  c               1   20[COMRAM] unsigned char 
 Return value:  Size  Location     Type
		None               void
 Registers used:
		wreg, status,2, status,0
 Tracked objects:
		On entry : 
		On exit  : 
		Unchanged: 
 Data sizes:     COMRAM   BANK0   BANK1   BANK2   BANK3   BANK4   BANK5
      Params:         0       0       0       0       0       0       0
      Locals:         2       0       0       0       0       0       0
      Temps:          1       0       0       0       0       0       0
      Totals:         3       0       0       0       0       0       0
Total ram usage:        3 bytes
 Hardware stack levels used:    1
 This function calls:
		Nothing
 This function is called by:
		_mux_handler
 This function uses a non-reentrant model


 *************** function _add_sensors_data *****************
 Defined at:
		line 58 in file "arkeon.c"
 Parameters:    Size  Location     Type
  data            2   24[COMRAM] PTR unsigned char 
		 -> mux_input(20), 
  formatted_se    2   26[COMRAM] PTR unsigned char 
		 -> sensorArray2(20), sensorArray1(20), sensorArray0(20), 
 Auto vars:     Size  Location     Type
  j               2   31[COMRAM] short 
  tmp             2   36[COMRAM] PTR unsigned char 
		 -> mux_input(20), 
  dst             2   34[COMRAM] PTR unsigned char 
		 -> sensorArray2(20), sensorArray1(20), sensorArray0(20), 
  n               2   29[COMRAM] short 
  count           1   33[COMRAM] unsigned char 
 Return value:  Size  Location     Type
		None               void
 Registers used:
		wreg, fsr1l, fsr1h, fsr2l, fsr2h, status,2, status,0, prodl, prodh, cstack
 Tracked objects:
		On entry : 
		On exit  : 
		Unchanged: 
 Data sizes:     COMRAM   BANK0   BANK1   BANK2   BANK3   BANK4   BANK5
      Params:         4       0       0       0       0       0       0
      Locals:         9       0       0       0       0       0       0
      Temps:          1       0       0       0       0       0       0
      Totals:        14       0       0       0       0       0       0
Total ram usage:       14 bytes
 Hardware stack levels used:    1
 Hardware stack levels required when called:    2
 This function calls:
		_convert_char_hex
		_strlen
 This function is called by:
		_mux_handler
 This function uses a non-reentrant model


 *************** function _strlen *****************
 Defined at:
		line 4 in file "/Applications/microchip/xc8/v1.33/sources/common/strlen.c"
 Parameters:    Size  Location     Type
  s               2   18[COMRAM] PTR const unsigned char 
		 -> mux_input(20), 
 Auto vars:     Size  Location     Type
  cp              2   22[COMRAM] PTR const unsigned char 
		 -> mux_input(20), 
 Return value:  Size  Location     Type
                  2   18[COMRAM] unsigned int 
 Registers used:
		wreg, fsr2l, fsr2h, status,2, status,0
 Tracked objects:
		On entry : 
		On exit  : 
		Unchanged: 
 Data sizes:     COMRAM   BANK0   BANK1   BANK2   BANK3   BANK4   BANK5
      Params:         2       0       0       0       0       0       0
      Locals:         2       0       0       0       0       0       0
      Temps:          2       0       0       0       0       0       0
      Totals:         6       0       0       0       0       0       0
Total ram usage:        6 bytes
 Hardware stack levels used:    1
 This function calls:
		Nothing
 This function is called by:
		_add_sensors_data
 This function uses a non-reentrant model


 *************** function _convert_char_hex *****************
 Defined at:
		line 47 in file "arkeon.c"
 Parameters:    Size  Location     Type
  c               1    wreg     unsigned char 
  hi_lo           1   20[COMRAM] unsigned char 
 Auto vars:     Size  Location     Type
  c               1   21[COMRAM] unsigned char 
 Return value:  Size  Location     Type
                  1    wreg      unsigned char 
 Registers used:
		wreg, fsr2l, fsr2h, status,2, status,0, prodl, prodh, cstack
 Tracked objects:
		On entry : 
		On exit  : 
		Unchanged: 
 Data sizes:     COMRAM   BANK0   BANK1   BANK2   BANK3   BANK4   BANK5
      Params:         1       0       0       0       0       0       0
      Locals:         1       0       0       0       0       0       0
      Temps:          0       0       0       0       0       0       0
      Totals:         2       0       0       0       0       0       0
Total ram usage:        2 bytes
 Hardware stack levels used:    1
 Hardware stack levels required when called:    1
 This function calls:
		_hexlookup
 This function is called by:
		_add_sensors_data
 This function uses a non-reentrant model


 *************** function _hexlookup *****************
 Defined at:
		line 39 in file "arkeon.c"
 Parameters:    Size  Location     Type
  h               1    wreg     unsigned char 
 Auto vars:     Size  Location     Type
  h               1   19[COMRAM] unsigned char 
 Return value:  Size  Location     Type
                  1    wreg      unsigned char 
 Registers used:
		wreg, fsr2l, fsr2h, status,2, status,0, prodl, prodh
 Tracked objects:
		On entry : 
		On exit  : 
		Unchanged: 
 Data sizes:     COMRAM   BANK0   BANK1   BANK2   BANK3   BANK4   BANK5
      Params:         0       0       0       0       0       0       0
      Locals:         1       0       0       0       0       0       0
      Temps:          1       0       0       0       0       0       0
      Totals:         2       0       0       0       0       0       0
Total ram usage:        2 bytes
 Hardware stack levels used:    1
 This function calls:
		Nothing
 This function is called by:
		_convert_char_hex
 This function uses a non-reentrant model


 *************** function _UART1_Read_Line *****************
 Defined at:
		line 160 in file "putgetc.c"
 Parameters:    Size  Location     Type
  Output          2   18[COMRAM] PTR unsigned char 
		 -> mux_input(20), 
  length          2   20[COMRAM] unsigned int 
 Auto vars:     Size  Location     Type
  c               1   26[COMRAM] unsigned char 
  i               2   24[COMRAM] int 
  j               2   22[COMRAM] int 
 Return value:  Size  Location     Type
		None               void
 Registers used:
		wreg, fsr2l, fsr2h, status,2, status,0, cstack
 Tracked objects:
		On entry : 
		On exit  : 
		Unchanged: 
 Data sizes:     COMRAM   BANK0   BANK1   BANK2   BANK3   BANK4   BANK5
      Params:         4       0       0       0       0       0       0
      Locals:         5       0       0       0       0       0       0
      Temps:          0       0       0       0       0       0       0
      Totals:         9       0       0       0       0       0       0
Total ram usage:        9 bytes
 Hardware stack levels used:    1
 Hardware stack levels required when called:    1
 This function calls:
		_UART1_Read
 This function is called by:
		_mux_handler
 This function uses a non-reentrant model


 *************** function _UART1_Read *****************
 Defined at:
		line 147 in file "putgetc.c"
 Parameters:    Size  Location     Type
		None
 Auto vars:     Size  Location     Type
		None
 Return value:  Size  Location     Type
                  1    wreg      unsigned char 
 Registers used:
		wreg, status,2
 Tracked objects:
		On entry : 
		On exit  : 
		Unchanged: 
 Data sizes:     COMRAM   BANK0   BANK1   BANK2   BANK3   BANK4   BANK5
      Params:         0       0       0       0       0       0       0
      Locals:         0       0       0       0       0       0       0
      Temps:          0       0       0       0       0       0       0
      Totals:         0       0       0       0       0       0       0
Total ram usage:        0 bytes
 Hardware stack levels used:    1
 This function calls:
		Nothing
 This function is called by:
		_UART1_Read_Line
		_UART1_Read_Text
 This function uses a non-reentrant model



MODULE INFORMATION

Module		Function		Class		Link	Load	Size
/Applications/microchip/xc8/v1.33/sources/common/isdigit.c
		_isdigit       		CODE           	0CA8	0000	32

/Applications/microchip/xc8/v1.33/sources/common/isdigit.c estimated size: 32

putgetc.c
		_UART1_Read_Lin		CODE           	09B2	0000	100
		_UART1_Write_Ch		CODE           	0D10	0000	14
		_USART1_init   		CODE           	0C5C	0000	38
		_UART2_Write_Li		CODE           	0CE6	0000	24
		_UART2_Write_Ch		CODE           	0D1E	0000	14
		_UART1_Read    		CODE           	0D34	0000	8
		_UART2_Write_St		CODE           	0C82	0000	38

putgetc.c estimated size: 236

/Applications/microchip/xc8/v1.33/sources/common/strcat.c
		_strcat        		CODE           	0AB6	0000	76

/Applications/microchip/xc8/v1.33/sources/common/strcat.c estimated size: 76

shared
		__stringdata   		SMALLCONST     	0601	0000	13
		__initializatio		CODE           	0A16	0000	70

shared estimated size: 83

/Applications/microchip/xc8/v1.33/sources/common/strlen.c
		_strlen        		CODE           	0BC0	0000	58

/Applications/microchip/xc8/v1.33/sources/common/strlen.c estimated size: 58

arkeon.c
		_add_sensors_da		CODE           	0610	0000	364
		_mux_handler   		CODE           	0008	0000	2206
		_soft_delay    		CODE           	0BFA	0000	56
		_main          		CODE           	08A6	0000	268
		_intialize     		CODE           	0A66	0000	80
		_hexlookup     		CODE           	0C32	0000	42
		_send_sensor_cm		CODE           	0B44	0000	64
		_interrupt_init		CODE           	0D2C	0000	8
		_MUXchannel    		CODE           	0B02	0000	66
		_convert_char_h		CODE           	0CC8	0000	30
		_bt_handler    		CODE           	0018	0000	172

arkeon.c estimated size: 3356

/Applications/microchip/xc8/v1.33/sources/common/strcpy.c
		_strcpy        		CODE           	0B84	0000	60

/Applications/microchip/xc8/v1.33/sources/common/strcpy.c estimated size: 60

